C51 COMPILER V9.01   HC_SR04                                                               05/20/2019 10:29:15 PAGE 1   


C51 COMPILER V9.01, COMPILATION OF MODULE HC_SR04
OBJECT MODULE PLACED IN .\Objects\HC_SR04.obj
COMPILER INVOKED BY: E:\KEIL14开发程序\C51\BIN\C51.EXE Library\device\HC_SR04\HC_SR04.c LARGE OPTIMIZE(8,SPEED) BROWSE I
                    -NCDIR(.\Library\device\digital tube;.\Library\device\HC_SR04;.\Library\device\MP3Player;.\Library\device\Servo;.\Library
                    -\device\WS2812B;.\Library\system\ADC;.\Library\system\delay;.\Library\system\EEPROM;.\Library\system\EXTI;.\Library\syst
                    -em\GPIO;.\Library\system\IIC;.\Library\system\PCA;.\Library\system\PWM;.\Library\system\SYSTEM(Important documents）;.\L
                    -ibrary\system\TIMER;.\Library\system\UART;.\Library\system\WatchDog) DEBUG OBJECTEXTEND PRINT(.\Listings\HC_SR04.lst) TA
                    -BS(2) OBJECT(.\Objects\HC_SR04.obj)

line level    source

   1          /**
   2            ******************************************************************************
   3            * @file    hc_sr04.c
   4            * @author  PineconePi
   5            * @version V1.0.0
   6            * @date    20-December-2018
   7            * @brief  This article will be used for  driving  hc_sr04.
   8            * @License:GNU General Public License v3.0         
   9            ******************************************************************************
  10            * @attention
  11            * The frequency of crystal oscillator is 24 Mhz
  12            *
  13            *  
  14            * 
  15            * 
  16            * 
  17            * 
  18            *
  19            * 
  20            ******************************************************************************
  21            **/
  22          #include"hc_sr04.h"
  23          
  24          unsigned int time_start; //发出声波的时间
  25          unsigned int time_end;   //收到声波的时间 
  26                                  //Echo_Pin高电平持续的时间=收到声波的时间-发出声波的时间
  27          
  28          //========================================================================
  29          // 函数: delay_us_hc_sr04(unsigned int us)
  30          // 描述: 延时函数。
  31          // 参数: us,要延时的us数, 这里只支持1~10000 (10ms) us
  32          // 返回: none.
  33          // 版本: VER1.0.0
  34          // 日期: 2018-12-20
  35          // 备注: delay_us(1000);//延迟1us
  36          //========================================================================
  37          void delay_us_hcsr04(unsigned int us){
  38   1        unsigned int k;
  39   1        unsigned char i;
  40   1        for(k=0;k<us;k++)
  41   1        {
  42   2        i = 6;
  43   2        while (--i);
  44   2        }
  45   1      }
  46          //========================================================================
  47          // 函数: void timer_init()
  48          // 描述: 初始化定时器3 （16位自动重载）。
  49          // 参数: 
  50          // 返回: none.
C51 COMPILER V9.01   HC_SR04                                                               05/20/2019 10:29:15 PAGE 2   

  51          // 版本: VER1.0.0
  52          // 日期: 2018-12-20
  53          // 备注:
  54          //========================================================================
  55          void timer_init()
  56          {
  57   1        T4T3M |= 0x02;    //定时器时钟1T模式
  58   1        T3L = 0x00;   //设置定时初值
  59   1        T3H = 0x00;   //设置定时初值
  60   1        T4T3M |= 0x08;    //定时器3开始计时
  61   1      }
  62          //========================================================================
  63          // 函数: HC_SR04_Init()
  64          // 描述: 初始化HC_SR04所需硬件。
  65          // 参数: 
  66          // 返回: none.
  67          // 版本: VER1.0.0
  68          // 日期: 2018-12-20
  69          // 备注:
  70          //========================================================================
  71          void HC_SR04_Init()
  72          {
  73   1        timer_init();
  74   1      }
  75          //========================================================================
  76          // 函数: HC_SR04_Start()
  77          // 描述: 开始发送声波。
  78          // 参数: 
  79          // 返回: none.
  80          // 版本: VER1.0.0
  81          // 日期: 2018-12-20
  82          // 备注:
  83          //========================================================================
  84          void HC_SR04_Start()
  85          {
  86   1        Trig_Pin = 0;
  87   1        delay_us_hcsr04(45);
  88   1        Trig_Pin = 1;
  89   1      }
  90          //========================================================================
  91          // 函数: int HC_SR04_Loop()
  92          // 描述: 返回距离。
  93          // 参数: 
  94          // 返回: distance:距离（单位：厘米）.
  95          // 版本: VER1.0.0
  96          // 日期: 2018-12-20
  97          // 备注:
  98          //========================================================================
  99          int HC_SR04_Loop()
 100          {
 101   1        int distance;//距离
 102   1        HC_SR04_Start();
 103   1         while(!Echo_Pin);    //当RX为零时等待
 104   1      //   TR0=1;         //开启计数
 105   1           time_start=T3H*256+T3L;
 106   1         while(Echo_Pin);     //当RX为1计数并等待
 107   1      //   TR0=0;       //关闭计数
 108   1        time_end=T3H*256+T3L;
 109   1        distance=((time_end-time_start)/24)/58;     //算出来是CM(int)
 110   1        return distance;
 111   1      }
 112                                        
C51 COMPILER V9.01   HC_SR04                                                               05/20/2019 10:29:15 PAGE 3   

 113                                        
 114                                        
 115                                        
 116                                        


MODULE INFORMATION:   STATIC OVERLAYABLE
   CODE SIZE        =    132    ----
   CONSTANT SIZE    =   ----    ----
   XDATA SIZE       =      4    ----
   PDATA SIZE       =   ----    ----
   DATA SIZE        =   ----    ----
   IDATA SIZE       =   ----    ----
   BIT SIZE         =   ----    ----
END OF MODULE INFORMATION.


C51 COMPILATION COMPLETE.  0 WARNING(S),  0 ERROR(S)
