C51 COMPILER V9.01   MAIN                                                                  05/20/2019 10:29:14 PAGE 1   


C51 COMPILER V9.01, COMPILATION OF MODULE MAIN
OBJECT MODULE PLACED IN .\Objects\main.obj
COMPILER INVOKED BY: E:\KEIL14开发程序\C51\BIN\C51.EXE main.c LARGE OPTIMIZE(8,SPEED) BROWSE INCDIR(.\Library\device\dig
                    -ital tube;.\Library\device\HC_SR04;.\Library\device\MP3Player;.\Library\device\Servo;.\Library\device\WS2812B;.\Library\
                    -system\ADC;.\Library\system\delay;.\Library\system\EEPROM;.\Library\system\EXTI;.\Library\system\GPIO;.\Library\system\I
                    -IC;.\Library\system\PCA;.\Library\system\PWM;.\Library\system\SYSTEM(Important documents）;.\Library\system\TIMER;.\Libr
                    -ary\system\UART;.\Library\system\WatchDog) DEBUG OBJECTEXTEND PRINT(.\Listings\main.lst) TABS(2) OBJECT(.\Objects\main.o
                    -bj)

line level    source

   1          #include "system.h"
   2          #include  "adc.h"
   3          #include  "delay.h"
   4          #include  "eeprom.h"
   5          #include  "exti.h"
   6          #include  "gpio.h"
   7          #include  "iic.h"
   8          #include  "pca.h"
   9          #include  "pwm.h"
  10          #include  "timer.h"
  11          #include  "uart.h"
  12          #include  "watchdog.h"
  13          
  14          #include  "digitaltube.h"
  15          #include  "hc_sr04.h"
  16          #include  "mp3player.h"
  17          #include  "servo.h"
  18          #include  "ws2812b.h"
  19          #include  "stdio.h"
  20          unsigned char ILY_1[3]={5,2,0};//数码管520
  21          unsigned char ILY_2[3]={0x20,0x02,0x01};//8路LED灯520
  22          unsigned char ILY_3[3]={0x35,0x32,0x30};//ASCLL码520
  23          char something_1[]={"You are beautiful!\r\n"};
  24          char something_2[]={"If you love me,please let me know!\r\n"};
  25          sbit key_2=P3^2;
  26          sbit key_3=P3^3;
  27          sbit key_4=P3^6;
  28          sbit key_5=P3^7;
  29          sbit led_en=P5^5;
  30          unsigned char key2;
  31          unsigned char key3;
  32          unsigned char key4;
  33          unsigned char key5;
  34          unsigned char i;
  35          void UartInit(void)   //520bps@24.000MHz
  36          {
  37   1        SCON = 0x50;    //8位数据,可变波特率
  38   1        AUXR |= 0x40;   //定时器1时钟为Fosc,即1T
  39   1        AUXR &= 0xFE;   //串口1选择定时器1为波特率发生器
  40   1        TMOD &= 0x0F;   //设定定时器1为16位自动重装方式
  41   1        TL1 = 0xEE;   //设定定时初值
  42   1        TH1 = 0xD2;   //设定定时初值
  43   1        ET1 = 0;    //禁止定时器1中断
  44   1        TR1 = 1;    //启动定时器1
  45   1      }
  46          
  47          void key_handle()
  48          {
  49   1            if(key_2 == 0)
  50   1          {
C51 COMPILER V9.01   MAIN                                                                  05/20/2019 10:29:14 PAGE 2   

  51   2            delay_ms(100);
  52   2            if(key_2 == 0)
  53   2            {
  54   3              Digitaltube_Enable(SMG1,ENABLE);
  55   3              Digitaltube_Enable(SMG2,ENABLE);
  56   3              led_en=1;
  57   3              Digitaltube_Display(DISABLE,ILY_1[key2]);
  58   3              key2++;
  59   3            if(key2 > 2)key2=0;
  60   3            }
  61   2          }
  62   1          if(key_3 == 0)
  63   1          {
  64   2            delay_ms(100);
  65   2            if(key_3 == 0)
  66   2            {
  67   3              Digitaltube_Enable(SMG1,DISABLE);
  68   3              Digitaltube_Enable(SMG2,DISABLE);
  69   3              led_en=0;
  70   3              P1=~ILY_2[key3];
  71   3              ES = 1;                                    
  72   3              EA = 1;
  73   3              SBUF = ILY_3[key3];                                
  74   3              while(!TI);
  75   3              TI=0;
  76   3              key3++;
  77   3            if(key3 > 2){key3=0;SBUF = 0x7c;while(!TI);TI=0;}
  78   3            }
  79   2          }
  80   1          if(key_4 == 0)
  81   1          {
  82   2            delay_ms(100);
  83   2            if(key_4 == 0)
  84   2            {
  85   3              Digitaltube_Enable(SMG1,DISABLE);
  86   3              Digitaltube_Enable(SMG2,DISABLE);
  87   3              led_en=1;
  88   3              ES = 1;                                    
  89   3              EA = 1;
  90   3              for(i=0;i<sizeof(something_1);i++)
  91   3              {
  92   4              SBUF = something_1[i];                                
  93   4              while(!TI);
  94   4              TI=0;
  95   4              }
  96   3            }
  97   2          }
  98   1          if(key_5 == 0)
  99   1          {
 100   2            delay_ms(100);
 101   2            if(key_5 == 0)
 102   2            {
 103   3              Digitaltube_Enable(SMG1,DISABLE);
 104   3              Digitaltube_Enable(SMG2,DISABLE);
 105   3              led_en=1;
 106   3              ES = 1;                                    
 107   3              EA = 1;
 108   3              for(i=0;i<sizeof(something_2);i++)
 109   3              {
 110   4              SBUF = something_2[i];                                
 111   4              while(!TI);
 112   4              TI=0;
C51 COMPILER V9.01   MAIN                                                                  05/20/2019 10:29:14 PAGE 3   

 113   4              }
 114   3            }
 115   2          }
 116   1      }
 117          
 118          void main()
 119          {
 120   1        UartInit();
 121   1        while(1)
 122   1        {
 123   2          key_handle();
 124   2        }
 125   1      }


MODULE INFORMATION:   STATIC OVERLAYABLE
   CODE SIZE        =    334    ----
   CONSTANT SIZE    =   ----    ----
   XDATA SIZE       =     72    ----
   PDATA SIZE       =   ----    ----
   DATA SIZE        =   ----    ----
   IDATA SIZE       =   ----    ----
   BIT SIZE         =   ----    ----
END OF MODULE INFORMATION.


C51 COMPILATION COMPLETE.  0 WARNING(S),  0 ERROR(S)
